[2026-03-21T19:34:24.040+0000] {local_task_job_runner.py:120} INFO - ::group::Pre task execution logs
[2026-03-21T19:34:24.063+0000] {taskinstance.py:2076} INFO - Dependencies all met for dep_context=non-requeueable deps ti=<TaskInstance: checks.check_tables_exist scheduled__2026-03-20T00:00:00+00:00 [queued]>
[2026-03-21T19:34:24.076+0000] {taskinstance.py:2076} INFO - Dependencies all met for dep_context=requeueable deps ti=<TaskInstance: checks.check_tables_exist scheduled__2026-03-20T00:00:00+00:00 [queued]>
[2026-03-21T19:34:24.079+0000] {taskinstance.py:2306} INFO - Starting attempt 1 of 2
[2026-03-21T19:34:24.098+0000] {taskinstance.py:2330} INFO - Executing <Task(PythonOperator): check_tables_exist> on 2026-03-20 00:00:00+00:00
[2026-03-21T19:34:24.103+0000] {standard_task_runner.py:64} INFO - Started process 83 to run task
[2026-03-21T19:34:24.108+0000] {standard_task_runner.py:90} INFO - Running: ['airflow', 'tasks', 'run', 'checks', 'check_tables_exist', 'scheduled__2026-03-20T00:00:00+00:00', '--job-id', '3', '--raw', '--subdir', 'DAGS_FOLDER/checks.py', '--cfg-path', '/tmp/tmpbrclxhnl']
[2026-03-21T19:34:24.111+0000] {standard_task_runner.py:91} INFO - Job 3: Subtask check_tables_exist
[2026-03-21T19:34:24.157+0000] {task_command.py:426} INFO - Running <TaskInstance: checks.check_tables_exist scheduled__2026-03-20T00:00:00+00:00 [running]> on host 517b615aa681
[2026-03-21T19:34:24.218+0000] {taskinstance.py:2648} INFO - Exporting env vars: AIRFLOW_CTX_DAG_OWNER='airflow' AIRFLOW_CTX_DAG_ID='checks' AIRFLOW_CTX_TASK_ID='check_tables_exist' AIRFLOW_CTX_EXECUTION_DATE='2026-03-20T00:00:00+00:00' AIRFLOW_CTX_TRY_NUMBER='1' AIRFLOW_CTX_DAG_RUN_ID='scheduled__2026-03-20T00:00:00+00:00'
[2026-03-21T19:34:24.219+0000] {taskinstance.py:430} INFO - ::endgroup::
[2026-03-21T19:34:24.307+0000] {logging_mixin.py:188} INFO - customers exists
[2026-03-21T19:34:24.308+0000] {logging_mixin.py:188} INFO - merchants exists
[2026-03-21T19:34:24.308+0000] {logging_mixin.py:188} INFO - products exists
[2026-03-21T19:34:24.308+0000] {logging_mixin.py:188} INFO - orders exists
[2026-03-21T19:34:24.309+0000] {logging_mixin.py:188} INFO - order_items exists
[2026-03-21T19:34:24.309+0000] {logging_mixin.py:188} INFO - payments exists
[2026-03-21T19:34:24.309+0000] {logging_mixin.py:188} INFO - refunds exists
[2026-03-21T19:34:24.310+0000] {logging_mixin.py:188} INFO - events exists
[2026-03-21T19:34:24.310+0000] {python.py:237} INFO - Done. Returned value was: None
[2026-03-21T19:34:24.310+0000] {taskinstance.py:441} INFO - ::group::Post task execution logs
[2026-03-21T19:34:24.315+0000] {taskinstance.py:1206} INFO - Marking task as SUCCESS. dag_id=checks, task_id=check_tables_exist, run_id=scheduled__2026-03-20T00:00:00+00:00, execution_date=20260320T000000, start_date=20260321T193424, end_date=20260321T193424
[2026-03-21T19:34:24.361+0000] {local_task_job_runner.py:243} INFO - Task exited with return code 0
[2026-03-21T19:34:24.373+0000] {taskinstance.py:3503} INFO - 1 downstream tasks scheduled from follow-on schedule check
[2026-03-21T19:34:24.380+0000] {local_task_job_runner.py:222} INFO - ::endgroup::
