[0m06:29:01.646989 [debug] [MainThread]: Sending event: {'category': 'dbt', 'action': 'invocation', 'label': 'start', 'context': [<snowplow_tracker.self_describing_json.SelfDescribingJson object at 0x000001FF9DAC86E0>, <snowplow_tracker.self_describing_json.SelfDescribingJson object at 0x000001FF9B6147D0>, <snowplow_tracker.self_describing_json.SelfDescribingJson object at 0x000001FF9E44F750>]}


============================== 06:29:01.653218 | e17d775a-70fa-4f1b-bc15-c4f3313512e5 ==============================
[0m06:29:01.653218 [info ] [MainThread]: Running with dbt=1.11.6
[0m06:29:01.653920 [debug] [MainThread]: running dbt with arguments {'static_parser': 'True', 'no_print': 'None', 'version_check': 'True', 'warn_error_options': 'WarnErrorOptionsV2(error=[], warn=[], silence=[])', 'target_path': 'None', 'printer_width': '80', 'write_json': 'True', 'introspect': 'True', 'log_cache_events': 'False', 'empty': 'None', 'cache_selected_only': 'False', 'fail_fast': 'False', 'debug': 'False', 'log_format': 'default', 'partial_parse': 'True', 'send_anonymous_usage_stats': 'True', 'quiet': 'False', 'warn_error': 'None', 'profiles_dir': 'C:\\Users\\User\\.dbt', 'indirect_selection': 'eager', 'use_colors': 'True', 'invocation_command': 'dbt debug', 'use_experimental_parser': 'False', 'log_path': 'logs'}
[0m06:29:01.692715 [info ] [MainThread]: dbt version: 1.11.6
[0m06:29:01.693361 [info ] [MainThread]: python version: 3.13.3
[0m06:29:01.693929 [info ] [MainThread]: python path: C:\Users\User\AppData\Local\Programs\Python\Python313\python.exe
[0m06:29:01.694541 [info ] [MainThread]: os info: Windows-11-10.0.26200-SP0
[0m06:29:19.600935 [info ] [MainThread]: Error importing adapter: No module named 'dbt.adapters.sqlserver'
[0m06:29:19.603510 [info ] [MainThread]: Using profiles dir at C:\Users\User\.dbt
[0m06:29:19.604000 [info ] [MainThread]: Using profiles.yml file at C:\Users\User\.dbt\profiles.yml
[0m06:29:19.604516 [info ] [MainThread]: Using dbt_project.yml file at D:\DockerWork\fintech\dbt_project.yml
[0m06:29:19.605073 [info ] [MainThread]: Configuration:
[0m06:29:19.605605 [info ] [MainThread]:   profiles.yml file [[31mERROR invalid[0m]
[0m06:29:19.606206 [info ] [MainThread]:   dbt_project.yml file [[31mERROR not found[0m]
[0m06:29:19.606686 [info ] [MainThread]: Required dependencies:
[0m06:29:19.607408 [debug] [MainThread]: Executing "git --help"
[0m06:29:19.683851 [debug] [MainThread]: STDOUT: "b"usage: git [-v | --version] [-h | --help] [-C <path>] [-c <name>=<value>]\n           [--exec-path[=<path>]] [--html-path] [--man-path] [--info-path]\n           [-p | --paginate | -P | --no-pager] [--no-replace-objects] [--no-lazy-fetch]\n           [--no-optional-locks] [--no-advice] [--bare] [--git-dir=<path>]\n           [--work-tree=<path>] [--namespace=<name>] [--config-env=<name>=<envvar>]\n           <command> [<args>]\n\nThese are common Git commands used in various situations:\n\nstart a working area (see also: git help tutorial)\n   clone      Clone a repository into a new directory\n   init       Create an empty Git repository or reinitialize an existing one\n\nwork on the current change (see also: git help everyday)\n   add        Add file contents to the index\n   mv         Move or rename a file, a directory, or a symlink\n   restore    Restore working tree files\n   rm         Remove files from the working tree and from the index\n\nexamine the history and state (see also: git help revisions)\n   bisect     Use binary search to find the commit that introduced a bug\n   diff       Show changes between commits, commit and working tree, etc\n   grep       Print lines matching a pattern\n   log        Show commit logs\n   show       Show various types of objects\n   status     Show the working tree status\n\ngrow, mark and tweak your common history\n   backfill   Download missing objects in a partial clone\n   branch     List, create, or delete branches\n   commit     Record changes to the repository\n   merge      Join two or more development histories together\n   rebase     Reapply commits on top of another base tip\n   reset      Set `HEAD` or the index to a known state\n   switch     Switch branches\n   tag        Create, list, delete or verify tags\n\ncollaborate (see also: git help workflows)\n   fetch      Download objects and refs from another repository\n   pull       Fetch from and integrate with another repository or a local branch\n   push       Update remote refs along with associated objects\n\n'git help -a' and 'git help -g' list available subcommands and some\nconcept guides. See 'git help <command>' or 'git help <concept>'\nto read about a specific subcommand or concept.\nSee 'git help git' for an overview of the system.\n""
[0m06:29:19.684877 [debug] [MainThread]: STDERR: "b''"
[0m06:29:19.685615 [info ] [MainThread]:  - git [[32mOK found[0m]

[0m06:29:19.686359 [info ] [MainThread]: Connection test skipped since no profile was found
[0m06:29:19.687130 [info ] [MainThread]: [31m2 checks failed:[0m
[0m06:29:19.687890 [info ] [MainThread]: Could not load dbt_project.yml
Profile loading failed for the following reason:
Runtime Error
  Credentials in profile "my_dbt_sqlserver_pr", target "dev" invalid: Runtime Error
    Could not find adapter type sqlserver!


[0m06:29:19.688587 [info ] [MainThread]: Project loading failed for the following reason:
 project path <D:\DockerWork\fintech\dbt_project.yml> not found

[0m06:29:19.690438 [debug] [MainThread]: Command `dbt debug` failed at 06:29:19.690207 after 18.27 seconds
[0m06:29:19.691126 [debug] [MainThread]: Sending event: {'category': 'dbt', 'action': 'invocation', 'label': 'end', 'context': [<snowplow_tracker.self_describing_json.SelfDescribingJson object at 0x000001FFB1026060>, <snowplow_tracker.self_describing_json.SelfDescribingJson object at 0x000001FFB1042D50>, <snowplow_tracker.self_describing_json.SelfDescribingJson object at 0x000001FFB1068270>]}
[0m06:29:19.691831 [debug] [MainThread]: Flushing usage events
[0m06:29:21.012349 [debug] [MainThread]: An error was encountered while trying to flush usage events
[0m00:21:23.549923 [debug] [MainThread]: Sending event: {'category': 'dbt', 'action': 'invocation', 'label': 'start', 'context': [<snowplow_tracker.self_describing_json.SelfDescribingJson object at 0x000001CE05A886E0>, <snowplow_tracker.self_describing_json.SelfDescribingJson object at 0x000001CE035F47D0>, <snowplow_tracker.self_describing_json.SelfDescribingJson object at 0x000001CE0640FD90>]}


============================== 00:21:23.634773 | 135f4c4f-c6ca-4e5a-8ca9-1e5e95d44da8 ==============================
[0m00:21:23.634773 [info ] [MainThread]: Running with dbt=1.11.6
[0m00:21:23.635491 [debug] [MainThread]: running dbt with arguments {'version_check': 'True', 'no_print': 'None', 'static_parser': 'True', 'warn_error_options': 'WarnErrorOptionsV2(error=[], warn=[], silence=[])', 'target_path': 'None', 'printer_width': '80', 'write_json': 'True', 'empty': 'None', 'log_cache_events': 'False', 'introspect': 'True', 'cache_selected_only': 'False', 'log_format': 'default', 'debug': 'False', 'fail_fast': 'False', 'profiles_dir': 'C:\\Users\\User\\.dbt', 'send_anonymous_usage_stats': 'True', 'quiet': 'False', 'warn_error': 'None', 'partial_parse': 'True', 'invocation_command': 'dbt debug', 'indirect_selection': 'eager', 'use_colors': 'True', 'use_experimental_parser': 'False', 'log_path': 'logs'}
[0m00:21:23.650767 [info ] [MainThread]: dbt version: 1.11.6
[0m00:21:23.651315 [info ] [MainThread]: python version: 3.13.3
[0m00:21:23.651845 [info ] [MainThread]: python path: C:\Users\User\AppData\Local\Programs\Python\Python313\python.exe
[0m00:21:23.652531 [info ] [MainThread]: os info: Windows-11-10.0.26200-SP0
[0m00:21:35.541427 [info ] [MainThread]: Error importing adapter: No module named 'dbt.adapters.sqlserver'
[0m00:21:35.544003 [info ] [MainThread]: Using profiles dir at C:\Users\User\.dbt
[0m00:21:35.544454 [info ] [MainThread]: Using profiles.yml file at C:\Users\User\.dbt\profiles.yml
[0m00:21:35.544834 [info ] [MainThread]: Using dbt_project.yml file at D:\DockerWork\fintech\dbt_project.yml
[0m00:21:35.637994 [info ] [MainThread]: Configuration:
[0m00:21:35.639064 [info ] [MainThread]:   profiles.yml file [[31mERROR invalid[0m]
[0m00:21:35.639521 [info ] [MainThread]:   dbt_project.yml file [[31mERROR not found[0m]
[0m00:21:35.639950 [info ] [MainThread]: Required dependencies:
[0m00:21:35.640356 [debug] [MainThread]: Executing "git --help"
[0m00:21:35.691234 [debug] [MainThread]: STDOUT: "b"usage: git [-v | --version] [-h | --help] [-C <path>] [-c <name>=<value>]\n           [--exec-path[=<path>]] [--html-path] [--man-path] [--info-path]\n           [-p | --paginate | -P | --no-pager] [--no-replace-objects] [--no-lazy-fetch]\n           [--no-optional-locks] [--no-advice] [--bare] [--git-dir=<path>]\n           [--work-tree=<path>] [--namespace=<name>] [--config-env=<name>=<envvar>]\n           <command> [<args>]\n\nThese are common Git commands used in various situations:\n\nstart a working area (see also: git help tutorial)\n   clone      Clone a repository into a new directory\n   init       Create an empty Git repository or reinitialize an existing one\n\nwork on the current change (see also: git help everyday)\n   add        Add file contents to the index\n   mv         Move or rename a file, a directory, or a symlink\n   restore    Restore working tree files\n   rm         Remove files from the working tree and from the index\n\nexamine the history and state (see also: git help revisions)\n   bisect     Use binary search to find the commit that introduced a bug\n   diff       Show changes between commits, commit and working tree, etc\n   grep       Print lines matching a pattern\n   log        Show commit logs\n   show       Show various types of objects\n   status     Show the working tree status\n\ngrow, mark and tweak your common history\n   backfill   Download missing objects in a partial clone\n   branch     List, create, or delete branches\n   commit     Record changes to the repository\n   merge      Join two or more development histories together\n   rebase     Reapply commits on top of another base tip\n   reset      Set `HEAD` or the index to a known state\n   switch     Switch branches\n   tag        Create, list, delete or verify tags\n\ncollaborate (see also: git help workflows)\n   fetch      Download objects and refs from another repository\n   pull       Fetch from and integrate with another repository or a local branch\n   push       Update remote refs along with associated objects\n\n'git help -a' and 'git help -g' list available subcommands and some\nconcept guides. See 'git help <command>' or 'git help <concept>'\nto read about a specific subcommand or concept.\nSee 'git help git' for an overview of the system.\n""
[0m00:21:35.691657 [debug] [MainThread]: STDERR: "b''"
[0m00:21:35.692031 [info ] [MainThread]:  - git [[32mOK found[0m]

[0m00:21:35.692443 [info ] [MainThread]: Connection test skipped since no profile was found
[0m00:21:35.692861 [info ] [MainThread]: [31m2 checks failed:[0m
[0m00:21:35.693211 [info ] [MainThread]: Could not load dbt_project.yml
Profile loading failed for the following reason:
Runtime Error
  Credentials in profile "my_dbt_sqlserver_pr", target "dev" invalid: Runtime Error
    Could not find adapter type sqlserver!


[0m00:21:35.693568 [info ] [MainThread]: Project loading failed for the following reason:
 project path <D:\DockerWork\fintech\dbt_project.yml> not found

[0m00:21:35.694491 [debug] [MainThread]: Command `dbt debug` failed at 00:21:35.694379 after 12.29 seconds
[0m00:21:35.694847 [debug] [MainThread]: Sending event: {'category': 'dbt', 'action': 'invocation', 'label': 'end', 'context': [<snowplow_tracker.self_describing_json.SelfDescribingJson object at 0x000001CE25DFE060>, <snowplow_tracker.self_describing_json.SelfDescribingJson object at 0x000001CE25E1ED50>, <snowplow_tracker.self_describing_json.SelfDescribingJson object at 0x000001CE25E48270>]}
[0m00:21:35.695221 [debug] [MainThread]: Flushing usage events
[0m00:21:36.847415 [debug] [MainThread]: An error was encountered while trying to flush usage events
[0m21:08:49.900164 [debug] [MainThread]: Sending event: {'category': 'dbt', 'action': 'invocation', 'label': 'start', 'context': [<snowplow_tracker.self_describing_json.SelfDescribingJson object at 0x000001E2A96B86E0>, <snowplow_tracker.self_describing_json.SelfDescribingJson object at 0x000001E2A72047D0>, <snowplow_tracker.self_describing_json.SelfDescribingJson object at 0x000001E2AA03FD90>]}


============================== 21:08:49.989113 | 19bedc0e-3821-44a8-b3cb-18408b619d44 ==============================
[0m21:08:49.989113 [info ] [MainThread]: Running with dbt=1.11.6
[0m21:08:49.989933 [debug] [MainThread]: running dbt with arguments {'version_check': 'True', 'no_print': 'None', 'static_parser': 'True', 'target_path': 'None', 'warn_error_options': 'WarnErrorOptionsV2(error=[], warn=[], silence=[])', 'printer_width': '80', 'write_json': 'True', 'empty': 'False', 'log_cache_events': 'False', 'introspect': 'True', 'cache_selected_only': 'False', 'log_format': 'default', 'debug': 'False', 'fail_fast': 'False', 'profiles_dir': 'C:\\Users\\User\\.dbt', 'send_anonymous_usage_stats': 'True', 'quiet': 'False', 'warn_error': 'None', 'partial_parse': 'True', 'use_colors': 'True', 'invocation_command': 'dbt run --select stg_orders', 'indirect_selection': 'eager', 'use_experimental_parser': 'False', 'log_path': 'logs'}
[0m21:08:49.990371 [error] [MainThread]: Encountered an error:
Runtime Error
  No dbt_project.yml found at expected path D:\DockerWork\fintech\dbt_project.yml
  Verify that each entry within packages.yml (and their transitive dependencies) contains a file named dbt_project.yml
  
[0m21:08:49.991194 [debug] [MainThread]: Command `dbt run` failed at 21:08:49.991081 after 0.25 seconds
[0m21:08:49.991660 [debug] [MainThread]: Sending event: {'category': 'dbt', 'action': 'invocation', 'label': 'end', 'context': [<snowplow_tracker.self_describing_json.SelfDescribingJson object at 0x000001E2AA798510>, <snowplow_tracker.self_describing_json.SelfDescribingJson object at 0x000001E2AA7856D0>, <snowplow_tracker.self_describing_json.SelfDescribingJson object at 0x000001E2AA5C2AD0>]}
[0m21:08:49.992144 [debug] [MainThread]: Flushing usage events
[0m21:08:51.426877 [debug] [MainThread]: An error was encountered while trying to flush usage events
