[2026-03-21T19:37:08.018+0000] {local_task_job_runner.py:120} INFO - ::group::Pre task execution logs
[2026-03-21T19:37:08.038+0000] {taskinstance.py:2076} INFO - Dependencies all met for dep_context=non-requeueable deps ti=<TaskInstance: checks.check_tables_have_data manual__2026-03-21T19:37:01.117924+00:00 [queued]>
[2026-03-21T19:37:08.044+0000] {taskinstance.py:2076} INFO - Dependencies all met for dep_context=requeueable deps ti=<TaskInstance: checks.check_tables_have_data manual__2026-03-21T19:37:01.117924+00:00 [queued]>
[2026-03-21T19:37:08.045+0000] {taskinstance.py:2306} INFO - Starting attempt 1 of 2
[2026-03-21T19:37:08.059+0000] {taskinstance.py:2330} INFO - Executing <Task(PythonOperator): check_tables_have_data> on 2026-03-21 19:37:01.117924+00:00
[2026-03-21T19:37:08.063+0000] {standard_task_runner.py:64} INFO - Started process 115 to run task
[2026-03-21T19:37:08.068+0000] {standard_task_runner.py:90} INFO - Running: ['airflow', 'tasks', 'run', 'checks', 'check_tables_have_data', 'manual__2026-03-21T19:37:01.117924+00:00', '--job-id', '6', '--raw', '--subdir', 'DAGS_FOLDER/checks.py', '--cfg-path', '/tmp/tmpviu130_4']
[2026-03-21T19:37:08.071+0000] {standard_task_runner.py:91} INFO - Job 6: Subtask check_tables_have_data
[2026-03-21T19:37:08.115+0000] {task_command.py:426} INFO - Running <TaskInstance: checks.check_tables_have_data manual__2026-03-21T19:37:01.117924+00:00 [running]> on host 517b615aa681
[2026-03-21T19:37:08.171+0000] {taskinstance.py:2648} INFO - Exporting env vars: AIRFLOW_CTX_DAG_OWNER='airflow' AIRFLOW_CTX_DAG_ID='checks' AIRFLOW_CTX_TASK_ID='check_tables_have_data' AIRFLOW_CTX_EXECUTION_DATE='2026-03-21T19:37:01.117924+00:00' AIRFLOW_CTX_TRY_NUMBER='1' AIRFLOW_CTX_DAG_RUN_ID='manual__2026-03-21T19:37:01.117924+00:00'
[2026-03-21T19:37:08.171+0000] {taskinstance.py:430} INFO - ::endgroup::
[2026-03-21T19:37:08.216+0000] {logging_mixin.py:188} INFO - customers row count = 200000
[2026-03-21T19:37:08.221+0000] {logging_mixin.py:188} INFO - merchants row count = 40000
[2026-03-21T19:37:08.223+0000] {logging_mixin.py:188} INFO - products row count = 10000
[2026-03-21T19:37:08.242+0000] {logging_mixin.py:188} INFO - orders row count = 500000
[2026-03-21T19:37:08.268+0000] {logging_mixin.py:188} INFO - order_items row count = 1200000
[2026-03-21T19:37:08.283+0000] {logging_mixin.py:188} INFO - payments row count = 520000
[2026-03-21T19:37:08.286+0000] {logging_mixin.py:188} INFO - refunds row count = 30000
[2026-03-21T19:37:08.316+0000] {logging_mixin.py:188} INFO - events row count = 800000
[2026-03-21T19:37:08.317+0000] {python.py:237} INFO - Done. Returned value was: None
[2026-03-21T19:37:08.317+0000] {taskinstance.py:441} INFO - ::group::Post task execution logs
[2026-03-21T19:37:08.321+0000] {taskinstance.py:1206} INFO - Marking task as SUCCESS. dag_id=checks, task_id=check_tables_have_data, run_id=manual__2026-03-21T19:37:01.117924+00:00, execution_date=20260321T193701, start_date=20260321T193708, end_date=20260321T193708
[2026-03-21T19:37:08.362+0000] {local_task_job_runner.py:243} INFO - Task exited with return code 0
[2026-03-21T19:37:08.370+0000] {taskinstance.py:3503} INFO - 0 downstream tasks scheduled from follow-on schedule check
[2026-03-21T19:37:08.371+0000] {local_task_job_runner.py:222} INFO - ::endgroup::
