[2026-03-21T19:34:27.480+0000] {local_task_job_runner.py:120} INFO - ::group::Pre task execution logs
[2026-03-21T19:34:27.509+0000] {taskinstance.py:2076} INFO - Dependencies all met for dep_context=non-requeueable deps ti=<TaskInstance: checks.check_tables_have_data scheduled__2026-03-20T00:00:00+00:00 [queued]>
[2026-03-21T19:34:27.515+0000] {taskinstance.py:2076} INFO - Dependencies all met for dep_context=requeueable deps ti=<TaskInstance: checks.check_tables_have_data scheduled__2026-03-20T00:00:00+00:00 [queued]>
[2026-03-21T19:34:27.517+0000] {taskinstance.py:2306} INFO - Starting attempt 1 of 2
[2026-03-21T19:34:27.535+0000] {taskinstance.py:2330} INFO - Executing <Task(PythonOperator): check_tables_have_data> on 2026-03-20 00:00:00+00:00
[2026-03-21T19:34:27.539+0000] {standard_task_runner.py:64} INFO - Started process 92 to run task
[2026-03-21T19:34:27.542+0000] {standard_task_runner.py:90} INFO - Running: ['airflow', 'tasks', 'run', 'checks', 'check_tables_have_data', 'scheduled__2026-03-20T00:00:00+00:00', '--job-id', '4', '--raw', '--subdir', 'DAGS_FOLDER/checks.py', '--cfg-path', '/tmp/tmpp_cjr7lq']
[2026-03-21T19:34:27.549+0000] {standard_task_runner.py:91} INFO - Job 4: Subtask check_tables_have_data
[2026-03-21T19:34:27.595+0000] {task_command.py:426} INFO - Running <TaskInstance: checks.check_tables_have_data scheduled__2026-03-20T00:00:00+00:00 [running]> on host 517b615aa681
[2026-03-21T19:34:27.657+0000] {taskinstance.py:2648} INFO - Exporting env vars: AIRFLOW_CTX_DAG_OWNER='airflow' AIRFLOW_CTX_DAG_ID='checks' AIRFLOW_CTX_TASK_ID='check_tables_have_data' AIRFLOW_CTX_EXECUTION_DATE='2026-03-20T00:00:00+00:00' AIRFLOW_CTX_TRY_NUMBER='1' AIRFLOW_CTX_DAG_RUN_ID='scheduled__2026-03-20T00:00:00+00:00'
[2026-03-21T19:34:27.658+0000] {taskinstance.py:430} INFO - ::endgroup::
[2026-03-21T19:34:27.721+0000] {logging_mixin.py:188} INFO - customers row count = 200000
[2026-03-21T19:34:27.730+0000] {logging_mixin.py:188} INFO - merchants row count = 40000
[2026-03-21T19:34:27.733+0000] {logging_mixin.py:188} INFO - products row count = 10000
[2026-03-21T19:34:27.764+0000] {logging_mixin.py:188} INFO - orders row count = 500000
[2026-03-21T19:34:27.788+0000] {logging_mixin.py:188} INFO - order_items row count = 0
[2026-03-21T19:34:27.794+0000] {logging_mixin.py:188} INFO - payments row count = 0
[2026-03-21T19:34:27.796+0000] {logging_mixin.py:188} INFO - refunds row count = 0
[2026-03-21T19:34:27.820+0000] {logging_mixin.py:188} INFO - events row count = 800000
[2026-03-21T19:34:27.821+0000] {taskinstance.py:441} INFO - ::group::Post task execution logs
[2026-03-21T19:34:27.821+0000] {taskinstance.py:2905} ERROR - Task failed with exception
Traceback (most recent call last):
  File "/home/airflow/.local/lib/python3.11/site-packages/airflow/models/taskinstance.py", line 465, in _execute_task
    result = _execute_callable(context=context, **execute_callable_kwargs)
             ^^^^^^^^^^^^^^^^^^^^^^^^^^^^^^^^^^^^^^^^^^^^^^^^^^^^^^^^^^^^^
  File "/home/airflow/.local/lib/python3.11/site-packages/airflow/models/taskinstance.py", line 432, in _execute_callable
    return execute_callable(context=context, **execute_callable_kwargs)
           ^^^^^^^^^^^^^^^^^^^^^^^^^^^^^^^^^^^^^^^^^^^^^^^^^^^^^^^^^^^^
  File "/home/airflow/.local/lib/python3.11/site-packages/airflow/models/baseoperator.py", line 401, in wrapper
    return func(self, *args, **kwargs)
           ^^^^^^^^^^^^^^^^^^^^^^^^^^^
  File "/home/airflow/.local/lib/python3.11/site-packages/airflow/operators/python.py", line 235, in execute
    return_value = self.execute_callable()
                   ^^^^^^^^^^^^^^^^^^^^^^^
  File "/home/airflow/.local/lib/python3.11/site-packages/airflow/operators/python.py", line 252, in execute_callable
    return self.python_callable(*self.op_args, **self.op_kwargs)
           ^^^^^^^^^^^^^^^^^^^^^^^^^^^^^^^^^^^^^^^^^^^^^^^^^^^^^
  File "/opt/airflow/dags/checks.py", line 64, in check_tables_have_data
    raise ValueError(f"Empty tables: {empty_tables}")
ValueError: Empty tables: ['order_items', 'payments', 'refunds']
[2026-03-21T19:34:27.829+0000] {taskinstance.py:1206} INFO - Marking task as UP_FOR_RETRY. dag_id=checks, task_id=check_tables_have_data, run_id=scheduled__2026-03-20T00:00:00+00:00, execution_date=20260320T000000, start_date=20260321T193427, end_date=20260321T193427
[2026-03-21T19:34:27.844+0000] {standard_task_runner.py:110} ERROR - Failed to execute job 4 for task check_tables_have_data (Empty tables: ['order_items', 'payments', 'refunds']; 92)
[2026-03-21T19:34:27.878+0000] {local_task_job_runner.py:243} INFO - Task exited with return code 1
[2026-03-21T19:34:27.887+0000] {taskinstance.py:3503} INFO - 0 downstream tasks scheduled from follow-on schedule check
[2026-03-21T19:34:27.888+0000] {local_task_job_runner.py:222} INFO - ::endgroup::
